[btech.id/index.html]
[backblue.gif]
[fade.gif]
[index.html]
[btech.id/static/website/images/btech.ico]
[btech.id/static/CACHE/css/output.5f4188303963.css]
[btech.id/static/images/logo_btech_black.png]
[btech.id/media/images/banners/home-header_gqDUF15.webp]
[btech.id/contact/index.html]
[btech.id/solution/1/index.html]
[btech.id/solution/6/index.html]
[btech.id/media/images/banners/DevOps_as_a_Service.webp]
[btech.id/solution/4/index.html]
[btech.id/solution/5/index.html]
[btech.id/solution/2/index.html]
[btech.id/solution/3/index.html]
[btech.id/media/images/solutions/mass_compute.webp]
[btech.id/solution/8/index.html]
[btech.id/solution/9/index.html]
[btech.id/solution/10/index.html]
[btech.id/solution/7/index.html]
[btech.id/media/images/solutions/devops_as_service.webp]
[btech.id/service/maintenance-support/index.html]
[btech.id/service/implementation/index.html]
[btech.id/services/index.html]
[btech.id/service/consulting/index.html]
[btech.id/static/images/tech-professional.webp]
[btech.id/tech-professional/index.html]
[btech.id/about-us/index.html]
[btech.id/service/managed-service/index.html]
[btech.id/trainings/index.html]
[btech.id/static/images/why_us.png]
[btech.id/media/images/customers/BPS.webp]
[btech.id/brand/index.html]
[btech.id/infographic/index.html]
[btech.id/career/index.html]
[btech.id/news/index.html]
[btech.id/media/images/customers/brse.webp]
[btech.id/media/images/customers/BANK_BRI_logo.webp]
[btech.id/opensource/index.html]
[btech.id/media/images/customers/18_biznet_gio_2.webp]
[btech.id/media/images/customers/c_bpbatam.webp]
[btech.id/media/images/customers/bpjs-ketenagakerjaan.webp]
[btech.id/media/images/customers/esdm.webp]
[btech.id/media/images/customers/delta-data.webp]
[btech.id/media/images/customers/gwen-tekno.webp]
[btech.id/media/images/customers/itb.webp]
[btech.id/media/images/customers/idn.webp]
[btech.id/media/images/customers/new-infomedia.webp]
[btech.id/media/images/customers/new-bankjateng.webp]
[btech.id/media/images/customers/idcommerce.webp]
[btech.id/media/images/customers/kemendesa.webp]
[btech.id/media/images/customers/sindo-logo.webp]
[btech.id/media/images/customers/pan-solusi.webp]
[btech.id/media/images/customers/17_plti_2.webp]
[btech.id/media/images/customers/new-peruri.webp]
[btech.id/media/images/customers/RIXS_logo.webp]
[btech.id/media/images/customers/smartfren.webp]
[btech.id/media/images/partners/bgn.webp]
[btech.id/media/images/partners/canonical.webp]
[btech.id/media/images/partners/cartenz-logo.webp]
[btech.id/media/images/partners/cncf.webp]
[btech.id/media/images/partners/comptia_jxx505M.png]
[btech.id/media/images/partners/lf.png]
[btech.id/media/images/partners/nds.png]
[btech.id/media/images/partners/oif.png]
[btech.id/media/images/partners/redhat.webp]
[btech.id/media/images/partners/tigera.webp]
[btech.id/static/images/logo_btech_white.png]
[btech.id/images/world-map.png]
[btech.id/index.html]
[btech.id/static/CACHE/js/output.0adad9d68454.js]
[btech.id/static/template_v2/images/icons/close.2b.delayed]
[btech.id/static/template_v2/images/grid.png]
[btech.id/static/template_v2/images/pattern.png]
[btech.id/static/template_v2/images/parallax/parallax-bg.jpg]
[btech.id/static/template_v2/images/icons/iconalt.svg]
[btech.id/static/template_v2/images/icons/play.png]
[btech.id/static/template_v2/css/fonts/font-iconsf6b3.eot]
[btech.id/static/template_v2/css/fonts/font-iconsf6b3.woff]
[btech.id/static/template_v2/css/fonts/font-iconsf6b3.ttf]
[btech.id/static/template_v2/css/fonts/lined-iconsf6b3.eot]
[btech.id/static/template_v2/css/fonts/font-iconsf6b3.svg]
[btech.id/static/template_v2/css/fonts/lined-iconsf6b3.woff]
[btech.id/static/template_v2/css/fonts/lined-iconsf6b3.ttf]
[btech.id/static/template_v2/css/fonts/lined-iconsf6b3.svg]
[btech.id/static/template_v2/css/fonts/Simple-Line-Iconsf6b3.eot]
[btech.id/static/template_v2/css/fonts/Simple-Line-Icons3ed3.eot]
[btech.id/static/template_v2/css/fonts/Simple-Line-Iconsf6b3.woff]
[btech.id/static/template_v2/css/fonts/Simple-Line-Iconsf6b3.ttf]
[btech.id/static/template_v2/css/fonts/Simple-Line-Iconsf6b3.svg]
[btech.id/static/template_v2/images/preloader-dark.gif]
[btech.id/static/fonts/Exo2-Regulard409.otf]
[btech.id/static/fonts/Roboto-Regulard409.ttf]
[btech.id/static/website/plugins/font-awesome/fonts/fontawesome-webfonta6a5.eot]
[btech.id/static/website/plugins/font-awesome/fonts/fontawesome-webfonte89a.eot]
[btech.id/static/website/plugins/font-awesome/fonts/fontawesome-webfonta6a5.woff2]
[btech.id/static/website/plugins/font-awesome/fonts/fontawesome-webfonta6a5.woff]
[btech.id/static/website/plugins/font-awesome/fonts/fontawesome-webfonta6a5.ttf]
[btech.id/static/website/plugins/font-awesome/fonts/fontawesome-webfonta6a5.svg]
[btech.id/static/website/plugins/fontawesome-free-5.11.2-web/webfonts/fa-brands-400f92e.eot]
[btech.id/static/website/plugins/fontawesome-free-5.11.2-web/webfonts/fa-brands-4001ef7.eot]
[btech.id/static/website/plugins/fontawesome-free-5.11.2-web/webfonts/fa-brands-400f92e.woff2]
[btech.id/static/website/plugins/fontawesome-free-5.11.2-web/webfonts/fa-brands-400f92e.woff]
[btech.id/static/website/plugins/fontawesome-free-5.11.2-web/webfonts/fa-brands-400f92e.ttf]
[btech.id/static/website/plugins/fontawesome-free-5.11.2-web/webfonts/fa-brands-400f92e.svg]
[btech.id/static/website/plugins/fontawesome-free-5.11.2-web/webfonts/fa-regular-400f92e.eot]
[btech.id/static/website/plugins/fontawesome-free-5.11.2-web/webfonts/fa-regular-4001ef7.eot]
[btech.id/static/website/plugins/fontawesome-free-5.11.2-web/webfonts/fa-regular-400f92e.woff2]
[btech.id/static/website/plugins/fontawesome-free-5.11.2-web/webfonts/fa-regular-400f92e.woff]
[btech.id/static/website/plugins/fontawesome-free-5.11.2-web/webfonts/fa-regular-400f92e.ttf]
[btech.id/static/website/plugins/fontawesome-free-5.11.2-web/webfonts/fa-regular-400f92e.svg]
[btech.id/static/website/plugins/fontawesome-free-5.11.2-web/webfonts/fa-solid-900f92e.eot]
[btech.id/static/website/plugins/fontawesome-free-5.11.2-web/webfonts/fa-solid-9001ef7.eot]
[btech.id/static/website/plugins/fontawesome-free-5.11.2-web/webfonts/fa-solid-900f92e.woff2]
[btech.id/static/website/plugins/fontawesome-free-5.11.2-web/webfonts/fa-solid-900f92e.woff]
[btech.id/static/website/plugins/fontawesome-free-5.11.2-web/webfonts/fa-solid-900f92e.ttf]
[btech.id/static/CACHE/css/output.5f4188303963.css]
[btech.id/static/website/plugins/fontawesome-free-5.11.2-web/webfonts/fa-solid-900f92e.svg]
[btech.id/static/images/footer-bg.jpg]
[btech.id/contact/images/world-map.png]
[btech.id/contact/index.html]
[btech.id/media/images/partners/easystack.webp]
[btech.id/media/images/partners/sardina.webp]
[btech.id/media/images/solutions/hyperconverged.webp]
[btech.id/media/images/solutions/organization-1-financial_service.webp]
[btech.id/media/images/solutions/organization-2-telecommunication.webp]
[btech.id/media/images/solutions/organization-3-public-sector.webp]
[btech.id/media/images/solutions/organization-4-ecommerce.webp]
[btech.id/solution/1/images/world-map.png]
[btech.id/solution/1/index.html]
[btech.id/media/images/partners/ktp.webp]
[btech.id/media/images/solutions/cloud_native_infrastructure.webp]
[btech.id/solution/6/images/world-map.png]
[btech.id/solution/6/index.html]
[btech.id/solution/2/images/world-map.png]
[btech.id/solution/2/index.html]
[btech.id/media/images/solutions/paas_enterprise.webp]
[btech.id/solution/3/images/world-map.png]
[btech.id/solution/3/index.html]
[btech.id/media/images/solutions/paas_custome.webp]
[btech.id/solution/4/images/world-map.png]
[btech.id/solution/4/index.html]
[btech.id/solution/5/images/world-map.png]
[btech.id/solution/5/index.html]
[btech.id/media/images/customers/Nobu.webp]
[btech.id/media/images/customers/1_brilife.webp]
[btech.id/media/images/customers/5_finnet.webp]
[btech.id/solution/7/images/world-map.png]
[btech.id/solution/7/index.html]
[btech.id/solution/8/images/world-map.png]
[btech.id/solution/8/index.html]
[btech.id/media/images/customers/10_ui-csgar.webp]
[btech.id/solution/9/images/world-map.png]
[btech.id/solution/9/index.html]
[btech.id/media/images/customers/skk_iFIuHOZ.png]
[btech.id/solution/10/images/world-map.png]
[btech.id/solution/10/index.html]
[btech.id/media/images/services/consulting.webp]
[btech.id/media/images/services/implementation.webp]
[btech.id/media/images/services/maintenance_support.webp]
[btech.id/media/images/services/managed_services.webp]
[btech.id/services/images/world-map.png]
[btech.id/services/index.html]
[btech.id/service/consulting/images/world-map.png]
[btech.id/service/consulting/index.html]
[btech.id/service/implementation/images/world-map.png]
[btech.id/service/implementation/index.html]
[btech.id/service/maintenance-support/images/world-map.png]
[btech.id/service/maintenance-support/index.html]
[btech.id/service/managed-service/images/world-map.png]
[btech.id/service/managed-service/index.html]
[btech.id/static/website/images/popularstar.png]
[btech.id/media/images/course/2022/01/21/openstack_Z23jU1c.webp]
[btech.id/media/images/course/2022/01/21/docker.webp]
[btech.id/media/images/course/2022/01/21/ceph.webp]
[btech.id/media/images/course/2022/01/21/kubernetes.webp]
[btech.id/media/images/course/2022/03/08/kubernetes.webp]
[btech.id/media/images/course/2022/01/21/kubernetes.png]
[btech.id/media/images/course/2022/01/21/okd.webp]
[btech.id/media/images/course/2022/01/21/okd_fFzjiOM.webp]
[btech.id/media/images/course/2022/01/21/jenkins_XqFiisq.webp]
[btech.id/media/images/course/2022/01/21/gitlab.webp]
[btech.id/media/images/course/2022/01/21/ansible.webp]
[btech.id/media/images/course/2022/01/21/elk.webp]
[btech.id/media/images/course/2022/01/21/prometheus.webp]
[btech.id/media/images/course/2022/01/21/istio.webp]
[btech.id/media/images/course/2022/03/08/linux.webp]
[btech.id/media/images/course/2022/03/08/linux_BJXPwqA.webp]
[btech.id/media/images/course/2022/03/08/linux_A9f7Xla.webp]
[btech.id/media/images/course/2022/03/08/linux_y1MB9hP.webp]
[btech.id/media/images/course/2022/01/21/comptia.webp]
[btech.id/media/images/course/2022/01/21/vitees.webp]
[btech.id/trainings/images/world-map.png]
[btech.id/trainings/index.html]
[btech.id/static/images/hire-talent.webp]
[btech.id/tech-professional/images/world-map.png]
[btech.id/tech-professional/index.html]
[btech.id/media/images/certifications/coa.webp]
[btech.id/media/images/certifications/cka.webp]
[btech.id/media/images/certifications/cks.webp]
[btech.id/media/images/certifications/cysa.webp]
[btech.id/media/images/certifications/cybersecurity.webp]
[btech.id/media/images/certifications/rhce.webp]
[btech.id/media/images/certifications/rhcsa.webp]
[btech.id/media/images/certifications/pentest.webp]
[btech.id/media/images/certifications/itil-4.webp]
[btech.id/media/images/certifications/lfcs.webp]
[btech.id/media/images/certifications/lfce.webp]
[btech.id/media/images/certifications/lfca.webp]
[btech.id/media/images/certifications/oracle_2.webp]
[btech.id/media/images/certifications/mt_mtcwe_2.webp]
[btech.id/media/images/certifications/mt_mtcume_2.webp]
[btech.id/media/images/certifications/mt_mtctce_2.webp]
[btech.id/media/images/certifications/mt_mtcse_2.webp]
[btech.id/media/images/certifications/mt_mtcre_2.webp]
[btech.id/media/images/certifications/mt_mtcine_2.webp]
[btech.id/media/images/certifications/mt_mcna_2.webp]
[btech.id/media/images/certifications/ms_fundamental_2.webp]
[btech.id/media/images/certifications/ms_associate_2.webp]
[btech.id/media/images/certifications/linuxcomptya_2.webp]
[btech.id/media/images/certifications/gcc_associate_2.webp]
[btech.id/media/images/certifications/ccna.webp]
[btech.id/media/images/certifications/aws_cloudp_2.webp]
[btech.id/media/images/certifications/aca_security_2.webp]
[btech.id/media/images/certifications/aca_cloud_2.webp]
[btech.id/media/images/certifications/aws_solution_architect_2.webp]
[btech.id/static/images/undraw_Work_from_anywhere_re_s2i6.svg]
[btech.id/static/images/undraw_team_collaboration_re_ow29.svg]
[btech.id/static/images/undraw_working_from_anywhere_ub67.svg]
[btech.id/about-us/images/world-map.png]
[btech.id/about-us/index.html]
[btech.id/brand/index.html]
[btech.id/brand/images/world-map.html]
[btech.id/career/images/world-map.png]
[btech.id/career/index.html]
[btech.id/media/cache/ce/4f/ce4ffc4c67127df7b8b03b92c90913bc.jpg]
[btech.id/news/cloud-computing-bisa-membantu-pengembangan-bisnis-kok-bisa/index.html]
[btech.id/media/cache/c1/36/c1364028fa838d5e49f43ddf9ccd3b60.jpg]
[btech.id/news/yuyu-release-alpha-version/index.html]
[btech.id/media/cache/79/8e/798e8f75c4c2124d93549a6db8393a3a.jpg]
[btech.id/media/cache/7a/b5/7ab55bbb4d3fa26034ff1d14c4b4ceca.jpg]
[btech.id/news/boer-technology-umumkan-pergantian-ceo-kenali-ceo-baru-btech-syah-dwi-prihatmoko/index.html]
[btech.id/news/ini-5-cara-teknologi-berbasis-cloud-merevolusi-dunia-keamanan-bisnis-digital/index.html]
[btech.id/media/cache/fc/92/fc92cbdc614eddb1d7f4b4a7e1c130f7.jpg]
[btech.id/news/mengenal-openstack-serta-fitur-dan-kelebihannya/index.html]
[btech.id/media/cache/a9/78/a9783573bdcd8f9414f383eecc772d71.jpg]
[btech.id/media/cache/dc/31/dc31b000978c1eb75d6324e562583ee7.jpg]
[btech.id/news/jangan-boros-gunakan-cloud-computing-agar-anda-tetap-hemat/index.html]
[btech.id/news/sesuaikan-strategi-infrastruktur-cloud-mu-yuk-pahami-perbedaan-public-cloud-private-cloud-dan-hybrid-cloud/index.html]
[btech.id/media/cache/db/49/db49cb743834562d4d6467e487a64651.jpg]
[btech.id/news/images/world-map.png]
[btech.id/news/index.html]
[btech.id/news/detection-dan-recovery-dua-fitur-vital-dalam-cybersecurity-cloud/index.html]
[btech.id/news/indexfdfa.html]
[btech.id/news/index4658.html]
[btech.id/static/website/css/bootstrap-gallery.css]
[btech.id/media/imagestore/c1/3f/c13f1fb6-018c-40f2-867e-198a71578258.jpg]
[btech.id/media/cache/85/5f/855fc7d1e9fbdc3c6350c47398d14dad.jpg]
[btech.id/media/imagestore/c8/6b/c86bc50f-4585-4657-b01b-dfbe629ab281.jpg]
[btech.id/media/cache/a5/1a/a51a439cc224de8c7563d76eaec4ef17.jpg]
[btech.id/media/imagestore/2a/8a/2a8a2a5d-c2ab-40c6-869f-d239db0ef758.png]
[btech.id/media/cache/e3/bb/e3bb4465a701fff47984a87538bf09e6.jpg]
[btech.id/media/imagestore/c2/e8/c2e8bf06-d2cf-40f1-892a-945057a76f9b.png]
[btech.id/media/cache/80/b5/80b5769b7e5a116b09e18da7a29eab75.jpg]
[btech.id/media/imagestore/93/a6/93a65de7-cd40-454f-8546-741b2ede6622.png]
[btech.id/media/cache/00/85/008515417dff78faf8559b2139a142ce.jpg]
[btech.id/media/imagestore/74/be/74beba9f-3f60-4112-a3da-c5ffac275c5d.png]
[btech.id/media/cache/8c/50/8c50f907c433e15b2546a1d60f487844.jpg]
[btech.id/infographic/images/world-map.png]
[btech.id/infographic/index.html]
[btech.id/media/images/Page/2022/05/20/logo-yuyu.png]
[btech.id/media/images/Page/2022/05/18/hujanio_logo_color_t4iKHFP.png]
[btech.id/opensource/images/world-map.png]
[btech.id/opensource/index.html]
[btech.id/images/world-map.html]
[btech.id/static/template_v2/images/icons/close.html]
[btech.id/static/template_v2/images/grid.html]
[btech.id/static/template_v2/images/pattern.html]
[btech.id/static/template_v2/images/parallax/parallax-bg.html]
[btech.id/static/template_v2/images/icons/iconalt.html]
[btech.id/static/template_v2/images/icons/play.html]
[btech.id/static/template_v2/css/fonts/font-iconsf6b3.svg]
[btech.id/static/template_v2/css/fonts/lined-iconsf6b3.svg]
[btech.id/static/template_v2/css/fonts/Simple-Line-Iconsf6b3.svg]
[btech.id/static/template_v2/images/preloader-dark.html]
[btech.id/static/website/plugins/font-awesome/fonts/fontawesome-webfonta6a5.svg]
[btech.id/static/website/plugins/fontawesome-free-5.11.2-web/webfonts/fa-brands-400f92e.svg]
[btech.id/static/website/plugins/fontawesome-free-5.11.2-web/webfonts/fa-regular-400f92e.svg]
[btech.id/static/website/plugins/fontawesome-free-5.11.2-web/webfonts/fa-solid-900f92e.svg]
[btech.id/contact/images/world-map.html]
[btech.id/solution/1/images/world-map.html]
[btech.id/solution/6/images/world-map.html]
[btech.id/solution/2/images/world-map.html]
[btech.id/solution/3/images/world-map.html]
[btech.id/solution/4/images/world-map.html]
[btech.id/solution/5/images/world-map.html]
[btech.id/solution/7/images/world-map.html]
[btech.id/solution/8/images/world-map.html]
[btech.id/solution/9/images/world-map.html]
[btech.id/solution/10/images/world-map.html]
[btech.id/services/images/world-map.html]
[btech.id/service/consulting/images/world-map.html]
[btech.id/service/implementation/images/world-map.html]
[btech.id/service/maintenance-support/images/world-map.html]
[btech.id/service/managed-service/images/world-map.html]
[btech.id/trainings/register/indexc236.html]
[btech.id/trainings/images/world-map.html]
[btech.id/tech-professional/images/world-map.html]
[btech.id/static/images/undraw_Work_from_anywhere_re_s2i6.svg]
[btech.id/static/images/undraw_team_collaboration_re_ow29.svg]
[btech.id/static/images/undraw_working_from_anywhere_ub67.svg]
[btech.id/about-us/images/world-map.html]
[btech.id/brand/images/world-map.html]
[btech.id/career/images/world-map.html]
[btech.id/brand/images/images/world-map.html]
[btech.id/media/images/Page/2022/04/07/poster_btechinfo_5-04-2022_1.1.png]
[btech.id/news/cloud-computing-bisa-membantu-pengembangan-bisnis-kok-bisa/images/world-map.png]
[btech.id/news/cloud-computing-bisa-membantu-pengembangan-bisnis-kok-bisa/index.html]
[btech.id/news/bagaimana-cloud-computing-dapat-membantu-penerapan-spbe/index.html]
[btech.id/media/images/Page/2022/05/20/Screen_Shot_2022-05-20_at_19.12.09.png]
[btech.id/news/yuyu-release-alpha-version/images/world-map.png]
[btech.id/news/yuyu-release-alpha-version/index.html]
[btech.id/media/images/Page/2022/05/25/_1180430.jpg]
[btech.id/news/boer-technology-umumkan-pergantian-ceo-kenali-ceo-baru-btech-syah-dwi-prihatmoko/images/world-map.png]
[btech.id/news/boer-technology-umumkan-pergantian-ceo-kenali-ceo-baru-btech-syah-dwi-prihatmoko/index.html]
[btech.id/media/images/Page/2022/05/18/Slide_1.png]
[btech.id/news/ini-5-cara-teknologi-berbasis-cloud-merevolusi-dunia-keamanan-bisnis-digital/images/world-map.png]
[btech.id/news/ini-5-cara-teknologi-berbasis-cloud-merevolusi-dunia-keamanan-bisnis-digital/index.html]
[btech.id/media/images/Page/2022/05/09/poster_btech_info_05-05-2022_1.png]
[btech.id/news/mengenal-openstack-serta-fitur-dan-kelebihannya/images/world-map.png]
[btech.id/news/mengenal-openstack-serta-fitur-dan-kelebihannya/index.html]
[btech.id/media/images/Page/2022/04/25/photo1650863374.jpg]
[btech.id/news/jangan-boros-gunakan-cloud-computing-agar-anda-tetap-hemat/images/world-map.png]
[btech.id/news/jangan-boros-gunakan-cloud-computing-agar-anda-tetap-hemat/index.html]
[btech.id/media/images/Page/2022/04/20/poster_btechinfo_27-04-2022_1.1.png]
[btech.id/news/sesuaikan-strategi-infrastruktur-cloud-mu-yuk-pahami-perbedaan-public-cloud-private-cloud-dan-hybrid-cloud/images/world-map.png]
[btech.id/news/sesuaikan-strategi-infrastruktur-cloud-mu-yuk-pahami-perbedaan-public-cloud-private-cloud-dan-hybrid-cloud/index.html]
[btech.id/media/images/Page/2022/04/20/poster_btechinfo_22-04-2022_1.2.png]
[btech.id/news/detection-dan-recovery-dua-fitur-vital-dalam-cybersecurity-cloud/images/world-map.png]
[btech.id/news/detection-dan-recovery-dua-fitur-vital-dalam-cybersecurity-cloud/index.html]
[btech.id/media/cache/fa/e5/fae5f9e2bfde5339600b35b454136060.jpg]
[btech.id/news/disaster-recovery-plan-penyelamat-sewaktu-hal-yang-tidak-diinginkan-terjadi/index.html]
[btech.id/media/cache/d3/1d/d31d78c2938624ca85632b7c96399df3.jpg]
[btech.id/news/managed-services-cloud-dari-btech-bikin-pengelolaan-cloud-computing-semakin-mudah-dan-terorganisir/index.html]
[btech.id/media/cache/5a/d5/5ad5db95c4bf4f9ba6c1252f34114a72.jpg]
[btech.id/media/cache/9f/d9/9fd9996f28f1843d312566d8490657fa.jpg]
[btech.id/news/karakteristik-cloud-bagi-bisnis-punya-anda-sudah-sesuai-belum/index.html]
[btech.id/news/cloud-engineer-si-pawang-hujan-masa-depan/index.html]
[btech.id/news/index4658.html]
[btech.id/media/cache/84/05/84056dc6858a53718b4c991fb93dd5cf.jpg]
[btech.id/news/index9ba9.html]
[btech.id/news/index2679.html]
[btech.id/news/3-tanda-perusahaan-anda-butuh-solusi-ceph/index.html]
[btech.id/media/cache/58/21/582162e03958added2775487dbcc11b0.jpg]
[btech.id/media/cache/e5/ed/e5eda350fb6c74a10d932456bdaa0eaa.jpg]
[btech.id/media/cache/70/a5/70a5c292f0a233c1b4cd6fb7305cd9eb.jpg]
[btech.id/news/kenali-komponen-algoritma-crush-yang-dipakai-oleh-ceph-dan-keuntungannya/index.html]
[btech.id/news/3-mitos-open-source-software-yang-perlu-diketahui-kebenarannya/index.html]
[btech.id/media/cache/2b/ec/2bec3eea221a30d4fa005aeb686cf56e.jpg]
[btech.id/news/indexfdfa.html]
[btech.id/news/images/world-map.html]
[btech.id/static/website/css/bootstrap-gallery.css]
[btech.id/infographic/images/world-map.html]
[btech.id/opensource/images/world-map.html]
[btech.id/news/alur-rekrutmen-karyawan-engineer-boer-technology/index.html]
[btech.id/brand/images/images/world-map.html]
[btech.id/brand/images/images/images/world-map.html]
[btech.id/news/index235c.html]
[btech.id/media/images/Page/2022/04/07/poster_btechinfo_18-02-2022_1.1_1.png]
[btech.id/news/bagaimana-cloud-computing-dapat-membantu-penerapan-spbe/images/world-map.png]
[btech.id/news/bagaimana-cloud-computing-dapat-membantu-penerapan-spbe/index.html]
[btech.id/news/cloud-computing-bisa-membantu-pengembangan-bisnis-kok-bisa/images/world-map.html]
[btech.id/news/yuyu-release-alpha-version/images/world-map.html]
[btech.id/news/boer-technology-umumkan-pergantian-ceo-kenali-ceo-baru-btech-syah-dwi-prihatmoko/images/world-map.html]
[btech.id/news/ini-5-cara-teknologi-berbasis-cloud-merevolusi-dunia-keamanan-bisnis-digital/images/world-map.html]
[btech.id/news/mengenal-openstack-serta-fitur-dan-kelebihannya/images/world-map.html]
[btech.id/news/jangan-boros-gunakan-cloud-computing-agar-anda-tetap-hemat/images/world-map.html]
[btech.id/news/sesuaikan-strategi-infrastruktur-cloud-mu-yuk-pahami-perbedaan-public-cloud-private-cloud-dan-hybrid-cloud/images/world-map.html]
[btech.id/news/detection-dan-recovery-dua-fitur-vital-dalam-cybersecurity-cloud/images/world-map.html]
[btech.id/media/images/Page/2022/04/20/poster_btechinfo_20-04-2022_1.1.png]
[btech.id/news/disaster-recovery-plan-penyelamat-sewaktu-hal-yang-tidak-diinginkan-terjadi/images/world-map.png]
[btech.id/news/disaster-recovery-plan-penyelamat-sewaktu-hal-yang-tidak-diinginkan-terjadi/index.html]
[btech.id/media/images/Page/2022/04/20/poster_btechinfo_14-04-2022_1.1.png]
[btech.id/news/managed-services-cloud-dari-btech-bikin-pengelolaan-cloud-computing-semakin-mudah-dan-terorganisir/images/world-map.png]
[btech.id/news/managed-services-cloud-dari-btech-bikin-pengelolaan-cloud-computing-semakin-mudah-dan-terorganisir/index.html]
[btech.id/media/images/Page/2022/04/07/poster_btechinfo_8-04-2022_1.1.png]
[btech.id/news/karakteristik-cloud-bagi-bisnis-punya-anda-sudah-sesuai-belum/images/world-map.png]
[btech.id/news/karakteristik-cloud-bagi-bisnis-punya-anda-sudah-sesuai-belum/index.html]
[btech.id/media/images/Page/2022/03/22/poster_viral_21-03-2022_1.1.png]
[btech.id/news/cloud-engineer-si-pawang-hujan-masa-depan/images/world-map.png]
[btech.id/news/cloud-engineer-si-pawang-hujan-masa-depan/index.html]
[btech.id/news/index2679.html]
[btech.id/media/cache/b0/79/b079bb278bdefa5ce2fc09fba7903144.jpg]
[btech.id/news/mengenal-spbe-dan-teknologi-yang-mendorong-perubahannya/index.html]
[btech.id/media/cache/23/6a/236aaa38405cba9eb4fe3695afe4ba84.jpg]
[btech.id/news/8-alasan-ini-harusnya-cukup-untuk-meyakinkan-anda-segera-migrasi-ke-cloud/index.html]
[btech.id/media/cache/b4/83/b4836b0064d25b87bd40a35a79c08ac1.jpg]
[btech.id/media/cache/94/e6/94e6af09f3500451981b0969ca32007f.jpg]
[btech.id/news/mengenal-saas-layanan-berbasis-software-fleksibel-dan-efisien/index.html]
[btech.id/news/yuk-gunakan-saas-agar-pelanggan-puas-dengan-layanan-anda/index.html]
[btech.id/media/cache/fd/a7/fda7b0c73eaa18e6181ce2ca75553e0f.jpg]
[btech.id/news/index9ba9.html]
[btech.id/news/yuk-cari-tahu-seberapa-aman-cloud-computing/index.html]
[btech.id/news/indexfdb0.html]
[btech.id/media/images/Page/2021/10/21/poster_btechinfo_oktober_07-10-21_1.png]
[btech.id/news/3-tanda-perusahaan-anda-butuh-solusi-ceph/images/world-map.png]
[btech.id/news/3-tanda-perusahaan-anda-butuh-solusi-ceph/index.html]
[btech.id/media/images/Page/2021/10/13/poster_btechinfo_oktober_14-10-21_1_FCEyt0M.png]
[btech.id/news/kenali-komponen-algoritma-crush-yang-dipakai-oleh-ceph-dan-keuntungannya/images/world-map.png]
[btech.id/news/kenali-komponen-algoritma-crush-yang-dipakai-oleh-ceph-dan-keuntungannya/index.html]
[btech.id/media/images/Page/2021/10/27/depositphotos_324552818-stock-illustration-open-source-icon-vector-trendy.jpg]
[btech.id/news/3-mitos-open-source-software-yang-perlu-diketahui-kebenarannya/images/world-map.png]
[btech.id/news/3-mitos-open-source-software-yang-perlu-diketahui-kebenarannya/index.html]
[btech.id/news/alur-rekrutmen-karyawan-engineer-boer-technology/images/world-map.png]
[btech.id/news/alur-rekrutmen-karyawan-engineer-boer-technology/index.html]
[btech.id/media/cache/fa/80/fa807098c06ce286361a8613fd10b5ea.jpg]
[btech.id/news/jangan-salah-kaprah-ini-bedanya-free-software-freeware-dan-open-source-software/index.html]
[btech.id/media/cache/79/1e/791e1e4ba9d6cdd386739b106203aacf.jpg]
[btech.id/media/cache/b2/2d/b22d75f783a53a0310cd3822afba9d95.jpg]
[btech.id/news/lebih-dekat-dengan-ansible-si-praktis-yang-bikin-segalanya-jadi-mudah/index.html]
[btech.id/news/bekerja-cepat-tanpa-susah-gunakan-ansible-sekarang/index.html]
[btech.id/media/cache/2f/18/2f180e72894ed801b1d255a9ece8cc20.jpg]
[btech.id/news/yuk-kenali-private-cloud-dan-alasan-kamu-perlu-memakainya/index.html]
[btech.id/media/cache/bc/b4/bcb4f36095a6e0bea51cbc5ef4415a8d.jpg]
[btech.id/news/index235c.html]
[btech.id/news/3-keunggulan-training-professional-di-pt-boer-technology/index.html]
[btech.id/brand/images/images/images/world-map.html]
[btech.id/news/bagaimana-cloud-computing-dapat-membantu-penerapan-spbe/images/world-map.html]
[btech.id/news/disaster-recovery-plan-penyelamat-sewaktu-hal-yang-tidak-diinginkan-terjadi/images/world-map.html]
[btech.id/news/managed-services-cloud-dari-btech-bikin-pengelolaan-cloud-computing-semakin-mudah-dan-terorganisir/images/world-map.html]
[btech.id/news/karakteristik-cloud-bagi-bisnis-punya-anda-sudah-sesuai-belum/images/world-map.html]
[btech.id/news/cloud-engineer-si-pawang-hujan-masa-depan/images/world-map.html]
[btech.id/brand/images/images/images/images/world-map.html]
[btech.id/news/indexc575.html]
[btech.id/media/images/Page/2022/03/22/photo1643884848.jpg]
[btech.id/news/mengenal-spbe-dan-teknologi-yang-mendorong-perubahannya/images/world-map.png]
[btech.id/news/mengenal-spbe-dan-teknologi-yang-mendorong-perubahannya/index.html]
[btech.id/media/images/Page/2022/03/22/photo1647923809.jpg]
[btech.id/news/8-alasan-ini-harusnya-cukup-untuk-meyakinkan-anda-segera-migrasi-ke-cloud/images/world-map.png]
[btech.id/news/8-alasan-ini-harusnya-cukup-untuk-meyakinkan-anda-segera-migrasi-ke-cloud/index.html]
[btech.id/media/images/Page/2022/03/02/poster_btechinfo_2-03-2022_1.3.png]
[btech.id/news/mengenal-saas-layanan-berbasis-software-fleksibel-dan-efisien/images/world-map.png]
[btech.id/news/mengenal-saas-layanan-berbasis-software-fleksibel-dan-efisien/index.html]
[btech.id/media/images/Page/2022/03/02/poster_btechinfo_2-03-2022_1.1.png]
[btech.id/news/yuk-gunakan-saas-agar-pelanggan-puas-dengan-layanan-anda/images/world-map.png]
[btech.id/news/yuk-gunakan-saas-agar-pelanggan-puas-dengan-layanan-anda/index.html]
[btech.id/media/images/Page/2022/03/02/photo1645167568.jpg]
[btech.id/news/yuk-cari-tahu-seberapa-aman-cloud-computing/images/world-map.png]
[btech.id/news/yuk-cari-tahu-seberapa-aman-cloud-computing/index.html]
[btech.id/media/cache/0c/1d/0c1d402cf3bc88530e26cd010029e08a.jpg]
[btech.id/news/ini-istilah-istilah-yang-perlu-kamu-ketahui-sebagai-devsecops/index.html]
[btech.id/media/cache/b8/d7/b8d77048aa09359f11146c4ac58056c6.jpg]
[btech.id/news/ini-keuntungan-yang-akan-perusahaan-anda-dapatkan-ketika-membuat-tim-devsecops/index.html]
[btech.id/media/cache/68/a4/68a43399f5fe80750b2bf90401edf002.jpg]
[btech.id/media/cache/1f/35/1f35c5ce134e8e3cbf836fd790219365.jpg]
[btech.id/news/6-praktik-devsecops-terbaik-yang-perlu-anda-lakukan/index.html]
[btech.id/news/deteksi-kerentanan-program-lebih-dini-dengan-sonarqube/index.html]
[btech.id/media/cache/05/79/0579ac0a933ca18719c46ebe5dc370fc.jpg]
[btech.id/news/indexfdb0.html]
[btech.id/news/3-tanda-perusahaan-anda-butuh-solusi-ceph/images/world-map.html]
[btech.id/news/kenali-komponen-algoritma-crush-yang-dipakai-oleh-ceph-dan-keuntungannya/images/world-map.html]
[btech.id/news/3-mitos-open-source-software-yang-perlu-diketahui-kebenarannya/images/world-map.html]
[btech.id/news/alur-rekrutmen-karyawan-engineer-boer-technology/images/world-map.html]
[btech.id/news/ini-9-tools-yang-dapat-membantu-devsecops-mengamankan-dengan-lebih-baik/index.html]
[btech.id/news/indexaf4d.html]
[btech.id/media/images/Page/2021/11/04/Dark_Blue_and_White_Drinking_Party_Flyer.png]
[btech.id/news/jangan-salah-kaprah-ini-bedanya-free-software-freeware-dan-open-source-software/images/world-map.png]
[btech.id/news/jangan-salah-kaprah-ini-bedanya-free-software-freeware-dan-open-source-software/index.html]
[btech.id/media/images/Page/2021/11/11/poster_btechinfo_november_11-11-21_1.png]
[btech.id/news/lebih-dekat-dengan-ansible-si-praktis-yang-bikin-segalanya-jadi-mudah/images/world-map.png]
[btech.id/news/lebih-dekat-dengan-ansible-si-praktis-yang-bikin-segalanya-jadi-mudah/index.html]
[btech.id/media/images/Page/2021/10/28/209854561_136383625181601_9202211696001406079_n.jpg]
[btech.id/news/bekerja-cepat-tanpa-susah-gunakan-ansible-sekarang/images/world-map.png]
[btech.id/news/bekerja-cepat-tanpa-susah-gunakan-ansible-sekarang/index.html]
[btech.id/media/images/Page/2021/10/27/209800679_174324431337581_8064781940715190416_n.jpg]
[btech.id/news/yuk-kenali-private-cloud-dan-alasan-kamu-perlu-memakainya/images/world-map.png]
[btech.id/news/yuk-kenali-private-cloud-dan-alasan-kamu-perlu-memakainya/index.html]
[btech.id/media/images/Page/2021/10/21/242199036_389739159392388_1661230266250593911_n.jpg]
[btech.id/news/3-keunggulan-training-professional-di-pt-boer-technology/images/world-map.png]
[btech.id/news/3-keunggulan-training-professional-di-pt-boer-technology/index.html]
[btech.id/media/cache/09/e7/09e778d481e546297266d501660e4b21.jpg]
[btech.id/news/implementasi-devsecops-serta-tantangan-yang-perusahaan-perlu-hadapi/index.html]
[btech.id/media/cache/bf/5f/bf5fe2f73d8f46d89234ac7171f56867.jpg]
[btech.id/news/pentingnya-keamanan-dalam-environment-cloud-anda/index.html]
[btech.id/media/cache/89/56/8956007015905b5a81ee7bfd1f2bd2e9.jpg]
[btech.id/news/apa-itu-devsecops-yuk-kenali-lebih-dalam-mengenai-peran-devsecops-pada-tim-ti-kamu/index.html]
[btech.id/media/cache/6c/f0/6cf0abf07aaee3f84d4f869f3d3f5ca6.jpg]
[btech.id/media/cache/3a/ec/3aec903c7b91690ddaf28fb453bf58b4.jpg]
[btech.id/news/indexc575.html]
[btech.id/brand/images/images/images/images/world-map.html]
[btech.id/news/mengenal-spbe-dan-teknologi-yang-mendorong-perubahannya/images/world-map.html]
[btech.id/news/8-alasan-ini-harusnya-cukup-untuk-meyakinkan-anda-segera-migrasi-ke-cloud/images/world-map.html]
[btech.id/news/mengenal-saas-layanan-berbasis-software-fleksibel-dan-efisien/images/world-map.html]
[btech.id/news/yuk-gunakan-saas-agar-pelanggan-puas-dengan-layanan-anda/images/world-map.html]
[btech.id/news/yuk-cari-tahu-seberapa-aman-cloud-computing/images/world-map.html]
[btech.id/brand/images/images/images/images/images/world-map.html]
[btech.id/news/melihat-ansible-bekerja-mudahkan-urusan-perusahaan-anda/index.html]
[btech.id/news/docker-sahabat-terbaik-aplikasi-perusahaan-anda/index.html]
[btech.id/media/images/Page/2022/02/02/poster_btechinfo_2-02-2022_1.1.png]
[btech.id/news/ini-istilah-istilah-yang-perlu-kamu-ketahui-sebagai-devsecops/images/world-map.png]
[btech.id/news/ini-istilah-istilah-yang-perlu-kamu-ketahui-sebagai-devsecops/index.html]
[btech.id/media/images/Page/2022/01/24/poster_btechinfo_27-01-2022_1.png]
[btech.id/news/ini-keuntungan-yang-akan-perusahaan-anda-dapatkan-ketika-membuat-tim-devsecops/images/world-map.png]
[btech.id/news/ini-keuntungan-yang-akan-perusahaan-anda-dapatkan-ketika-membuat-tim-devsecops/index.html]
[btech.id/media/images/Page/2022/01/24/poster_btechinfo_26-01-2022_1.1.png]
[btech.id/news/6-praktik-devsecops-terbaik-yang-perlu-anda-lakukan/images/world-map.png]
[btech.id/news/6-praktik-devsecops-terbaik-yang-perlu-anda-lakukan/index.html]
[btech.id/media/images/Page/2022/01/12/poster_btechinfo_13-01-2022_1.png]
[btech.id/news/deteksi-kerentanan-program-lebih-dini-dengan-sonarqube/images/world-map.png]
[btech.id/news/deteksi-kerentanan-program-lebih-dini-dengan-sonarqube/index.html]
[btech.id/media/images/Page/2022/01/12/btech-tools-devsecops-01.png]
[btech.id/news/ini-9-tools-yang-dapat-membantu-devsecops-mengamankan-dengan-lebih-baik/images/world-map.png]
[btech.id/news/ini-9-tools-yang-dapat-membantu-devsecops-mengamankan-dengan-lebih-baik/index.html]
[btech.id/media/cache/de/72/de72e132923ec52be2bdcc79528018b2.jpg]
[btech.id/news/anda-seorang-devsecops-kenalan-dulu-sama-appsec/index.html]
[btech.id/media/cache/8d/f2/8df2123d75e9d1226ddb58da73b4ce46.jpg]
[btech.id/news/memahami-basic-fundamental-pipeline-devsecops/index.html]
[btech.id/media/cache/90/b3/90b3c707e256326a54423abee9485074.jpg]
[btech.id/news/solusi-dan-strategi-devsecops-dengan-menggunakan-microservices/index.html]
[btech.id/media/cache/df/bf/dfbf8c8dd68208283cbc6d4f82048914.jpg]
[btech.id/media/cache/56/e6/56e6b91a96d16f74a417ab166ead838b.jpg]
[btech.id/news/indexaf4d.html]
[btech.id/news/jangan-salah-kaprah-ini-bedanya-free-software-freeware-dan-open-source-software/images/world-map.html]
[btech.id/news/lebih-dekat-dengan-ansible-si-praktis-yang-bikin-segalanya-jadi-mudah/images/world-map.html]
[btech.id/news/bekerja-cepat-tanpa-susah-gunakan-ansible-sekarang/images/world-map.html]
[btech.id/news/yuk-kenali-private-cloud-dan-alasan-kamu-perlu-memakainya/images/world-map.html]
[btech.id/news/3-keunggulan-training-professional-di-pt-boer-technology/images/world-map.html]
[btech.id/news/ini-beda-devops-dengan-devsecops-jangan-sampai-salah-2/index.html]
[btech.id/news/6-prinsip-devsecops-yang-harus-anda-terapkan-agar-kinerja-jadi-maksimal/index.html]
[btech.id/media/images/Page/2021/12/08/poster_btechinfo_november_15-12-21_1.png]
[btech.id/news/implementasi-devsecops-serta-tantangan-yang-perusahaan-perlu-hadapi/images/world-map.png]
[btech.id/news/implementasi-devsecops-serta-tantangan-yang-perusahaan-perlu-hadapi/index.html]
[btech.id/media/images/Page/2021/12/08/poster_btechinfo_november_09-12-21_1.png]
[btech.id/news/pentingnya-keamanan-dalam-environment-cloud-anda/images/world-map.png]
[btech.id/news/pentingnya-keamanan-dalam-environment-cloud-anda/index.html]
[btech.id/media/images/Page/2021/11/23/poster_btechinfo_november_19-11-26_1.png]
[btech.id/news/apa-itu-devsecops-yuk-kenali-lebih-dalam-mengenai-peran-devsecops-pada-tim-ti-kamu/images/world-map.png]
[btech.id/news/apa-itu-devsecops-yuk-kenali-lebih-dalam-mengenai-peran-devsecops-pada-tim-ti-kamu/index.html]
[btech.id/media/images/Page/2021/12/08/poster_btechinfo_november_08-12-21_1.png]
[btech.id/news/docker-sahabat-terbaik-aplikasi-perusahaan-anda/images/world-map.png]
[btech.id/news/docker-sahabat-terbaik-aplikasi-perusahaan-anda/index.html]
[btech.id/media/images/Page/2021/11/15/poster_btechinfo_november_19-11-21_1.png]
[btech.id/news/melihat-ansible-bekerja-mudahkan-urusan-perusahaan-anda/images/world-map.png]
[btech.id/news/melihat-ansible-bekerja-mudahkan-urusan-perusahaan-anda/index.html]
[btech.id/brand/images/images/images/images/images/world-map.html]
[btech.id/news/ini-istilah-istilah-yang-perlu-kamu-ketahui-sebagai-devsecops/images/world-map.html]
[btech.id/news/ini-keuntungan-yang-akan-perusahaan-anda-dapatkan-ketika-membuat-tim-devsecops/images/world-map.html]
[btech.id/news/6-praktik-devsecops-terbaik-yang-perlu-anda-lakukan/images/world-map.html]
[btech.id/news/deteksi-kerentanan-program-lebih-dini-dengan-sonarqube/images/world-map.html]
[btech.id/news/ini-9-tools-yang-dapat-membantu-devsecops-mengamankan-dengan-lebih-baik/images/world-map.html]
[btech.id/brand/images/images/images/images/images/images/world-map.html]
[btech.id/media/images/Page/2022/01/04/ketahui-appsec-devsecops.png]
[btech.id/news/anda-seorang-devsecops-kenalan-dulu-sama-appsec/images/world-map.png]
[btech.id/news/anda-seorang-devsecops-kenalan-dulu-sama-appsec/index.html]
[btech.id/media/images/Page/2022/01/04/photo1640936454_1.jpg]
[btech.id/news/memahami-basic-fundamental-pipeline-devsecops/images/world-map.png]
[btech.id/news/memahami-basic-fundamental-pipeline-devsecops/index.html]
[btech.id/media/images/Page/2022/01/04/photo1640936454.jpg]
[btech.id/news/solusi-dan-strategi-devsecops-dengan-menggunakan-microservices/images/world-map.png]
[btech.id/news/solusi-dan-strategi-devsecops-dengan-menggunakan-microservices/index.html]
[btech.id/news/ini-beda-devops-dengan-devsecops-jangan-sampai-salah-1/index.html]
[btech.id/media/images/Page/2021/12/23/perbedaan-devops-devsecops.png]
[btech.id/news/ini-beda-devops-dengan-devsecops-jangan-sampai-salah-2/images/world-map.png]
[btech.id/news/ini-beda-devops-dengan-devsecops-jangan-sampai-salah-2/index.html]
[btech.id/media/images/Page/2021/12/14/poster_btechinfo_desember_17-12-21_1.1.png]
[btech.id/news/6-prinsip-devsecops-yang-harus-anda-terapkan-agar-kinerja-jadi-maksimal/images/world-map.png]
[btech.id/news/6-prinsip-devsecops-yang-harus-anda-terapkan-agar-kinerja-jadi-maksimal/index.html]
[btech.id/news/implementasi-devsecops-serta-tantangan-yang-perusahaan-perlu-hadapi/images/world-map.html]
[btech.id/news/pentingnya-keamanan-dalam-environment-cloud-anda/images/world-map.html]
[btech.id/news/apa-itu-devsecops-yuk-kenali-lebih-dalam-mengenai-peran-devsecops-pada-tim-ti-kamu/images/world-map.html]
[btech.id/news/docker-sahabat-terbaik-aplikasi-perusahaan-anda/images/world-map.html]
[btech.id/news/melihat-ansible-bekerja-mudahkan-urusan-perusahaan-anda/images/world-map.html]
[btech.id/brand/images/images/images/images/images/images/world-map.html]
[btech.id/news/anda-seorang-devsecops-kenalan-dulu-sama-appsec/images/world-map.html]
[btech.id/news/memahami-basic-fundamental-pipeline-devsecops/images/world-map.html]
[btech.id/news/ini-beda-devops-dengan-devsecops-jangan-sampai-salah-1/index.html]
[btech.id/news/solusi-dan-strategi-devsecops-dengan-menggunakan-microservices/images/world-map.html]
[btech.id/news/ini-beda-devops-dengan-devsecops-jangan-sampai-salah-2/images/world-map.html]
[btech.id/news/6-prinsip-devsecops-yang-harus-anda-terapkan-agar-kinerja-jadi-maksimal/images/world-map.html]
[btech.id/brand/images/images/images/images/images/images/images/world-map.html]
[btech.id/brand/images/images/images/images/images/images/images/world-map.html]
[btech.id/brand/images/images/images/images/images/images/images/images/world-map.html]
[btech.id/brand/images/images/images/images/images/images/images/images/world-map.html]
[btech.id/brand/images/images/images/images/images/images/images/images/images/world-map.html]
[btech.id/brand/images/images/images/images/images/images/images/images/images/world-map.html]
[btech.id/brand/images/images/images/images/images/images/images/images/images/images/world-map.html]
[btech.id/brand/images/images/images/images/images/images/images/images/images/images/world-map.html]
[btech.id/brand/images/images/images/images/images/images/images/images/images/images/images/world-map.html]
[btech.id/brand/images/images/images/images/images/images/images/images/images/images/images/world-map.html]
[btech.id/brand/images/images/images/images/images/images/images/images/images/images/images/images/world-map.html]
[btech.id/brand/images/images/images/images/images/images/images/images/images/images/images/images/world-map.html]
[btech.id/brand/images/images/images/images/images/images/images/images/images/images/images/images/images/world-map.html]
[btech.id/brand/images/images/images/images/images/images/images/images/images/images/images/images/images/world-map.html]
[btech.id/brand/images/images/images/images/images/images/images/images/images/images/images/images/images/images/world-map.html]
[btech.id/brand/images/images/images/images/images/images/images/images/images/images/images/images/images/images/world-map.html]
[btech.id/brand/images/images/images/images/images/images/images/images/images/images/images/images/images/images/images/world-map.html]
[btech.id/brand/images/images/images/images/images/images/images/images/images/images/images/images/images/images/images/world-map.html]
[btech.id/brand/images/images/images/images/images/images/images/images/images/images/images/images/images/images/images/images/world-map.html]
[btech.id/brand/images/images/images/images/images/images/images/images/images/images/images/images/images/images/images/images/world-map.html]
[btech.id/brand/images/images/images/images/images/images/images/images/images/images/images/images/images/images/images/images/images/world-map.html]
[btech.id/brand/images/images/images/images/images/images/images/images/images/images/images/images/images/images/images/images/images/world-map.html]
[btech.id/brand/images/images/images/images/images/images/images/images/images/images/images/images/images/images/images/images/images/images/world-map.html]
[btech.id/brand/images/images/images/images/images/images/images/images/images/images/images/images/images/images/images/images/images/images/world-map.html]
[btech.id/brand/images/images/images/images/images/images/images/images/images/images/images/images/images/images/images/images/images/images/images/world-map.html]
[btech.id/brand/images/images/images/images/images/images/images/images/images/images/images/images/images/images/images/images/images/images/images/world-map.html]
[btech.id/brand/images/images/images/images/images/images/images/images/images/images/images/images/images/images/images/images/images/images/images/images/world-map.html]
[btech.id/brand/images/images/images/images/images/images/images/images/images/images/images/images/images/images/images/images/images/images/images/images/world-map.html]
[btech.id/brand/images/images/images/images/images/images/images/images/images/images/images/images/images/images/images/images/images/images/images/images/images/world-map.html]
[btech.id/brand/images/images/images/images/images/images/images/images/images/images/images/images/images/images/images/images/images/images/images/images/images/world-map.html]
[btech.id/brand/images/images/images/images/images/images/images/images/images/images/images/images/images/images/images/images/images/images/images/images/images/images/world-map.html]
[btech.id/brand/images/images/images/images/images/images/images/images/images/images/images/images/images/images/images/images/images/images/images/images/images/images/world-map.html]
[btech.id/brand/images/images/images/images/images/images/images/images/images/images/images/images/images/images/images/images/images/images/images/images/images/images/images/world-map.html]
[btech.id/brand/images/images/images/images/images/images/images/images/images/images/images/images/images/images/images/images/images/images/images/images/images/images/images/world-map.html]
[btech.id/brand/images/images/images/images/images/images/images/images/images/images/images/images/images/images/images/images/images/images/images/images/images/images/images/images/world-map.html]
[btech.id/brand/images/images/images/images/images/images/images/images/images/images/images/images/images/images/images/images/images/images/images/images/images/images/images/images/world-map.html]
[btech.id/brand/images/images/images/images/images/images/images/images/images/images/images/images/images/images/images/images/images/images/images/images/images/images/images/images/images/world-map.html]
[btech.id/brand/images/images/images/images/images/images/images/images/images/images/images/images/images/images/images/images/images/images/images/images/images/images/images/images/images/world-map.html]
[btech.id/brand/images/images/images/images/images/images/images/images/images/images/images/images/images/images/images/images/images/images/images/images/images/images/images/images/images/images/world-map.html]
[btech.id/brand/images/images/images/images/images/images/images/images/images/images/images/images/images/images/images/images/images/images/images/images/images/images/images/images/images/images/world-map.html]
[btech.id/brand/images/images/images/images/images/images/images/images/images/images/images/images/images/images/images/images/images/images/images/images/images/images/images/images/images/images/images/world-map.html]
[btech.id/brand/images/images/images/images/images/images/images/images/images/images/images/images/images/images/images/images/images/images/images/images/images/images/images/images/images/images/images/world-map.html]
[btech.id/brand/images/images/images/images/images/images/images/images/images/images/images/images/images/images/images/images/images/images/images/images/images/images/images/images/images/images/images/images/world-map.html]
[btech.id/brand/images/images/images/images/images/images/images/images/images/images/images/images/images/images/images/images/images/images/images/images/images/images/images/images/images/images/images/images/world-map.html]
[btech.id/brand/images/images/images/images/images/images/images/images/images/images/images/images/images/images/images/images/images/images/images/images/images/images/images/images/images/images/images/images/imag/world-map.163.delaye]
[btech.id/brand/images/images/images/images/images/images/images/images/images/images/images/images/images/images/images/images/images/images/images/images/images/images/images/images/images/images/images/images/imag/world-map.163.delaye]
[btech.id/brand/images/images/images/images/images/images/images/images/images/images/images/images/images/images/images/images/images/images/images/images/images/images/images/images/images/images/images/images/imag/world-map.164.delaye]
[btech.id/brand/images/images/images/images/images/images/images/images/images/images/images/images/images/images/images/images/images/images/images/images/images/images/images/images/images/images/images/images/imag/world-map.164.delaye]
[btech.id/brand/images/images/images/images/images/images/images/images/images/images/images/images/images/images/images/images/images/images/images/images/images/images/images/images/images/images/images/images/imag/world-map.165.delaye]
[btech.id/brand/images/images/images/images/images/images/images/images/images/images/images/images/images/images/images/images/images/images/images/images/images/images/images/images/images/images/images/images/imag/world-map.165.delaye]
[btech.id/brand/images/images/images/images/images/images/images/images/images/images/images/images/images/images/images/images/images/images/images/images/images/images/images/images/images/images/images/images/imag/world-map.166.delaye]
[btech.id/brand/images/images/images/images/images/images/images/images/images/images/images/images/images/images/images/images/images/images/images/images/images/images/images/images/images/images/images/images/imag/world-map.166.delaye]
[btech.id/brand/images/images/images/images/images/images/images/images/images/images/images/images/images/images/images/images/images/images/images/images/images/images/images/images/images/images/images/images/imag/world-map.167.delaye]
[btech.id/brand/images/images/images/images/images/images/images/images/images/images/images/images/images/images/images/images/images/images/images/images/images/images/images/images/images/images/images/images/imag/world-map.167.delaye]
[btech.id/brand/images/images/images/images/images/images/images/images/images/images/images/images/images/images/images/images/images/images/images/images/images/images/images/images/images/images/images/images/imag/world-map.168.delaye]
[btech.id/brand/images/images/images/images/images/images/images/images/images/images/images/images/images/images/images/images/images/images/images/images/images/images/images/images/images/images/images/images/imag/world-map.168.delaye]
[btech.id/brand/images/images/images/images/images/images/images/images/images/images/images/images/images/images/images/images/images/images/images/images/images/images/images/images/images/images/images/images/imag/world-map.169.delaye]
[btech.id/brand/images/images/images/images/images/images/images/images/images/images/images/images/images/images/images/images/images/images/images/images/images/images/images/images/images/images/images/images/imag/world-map.169.delaye]
[btech.id/brand/images/images/images/images/images/images/images/images/images/images/images/images/images/images/images/images/images/images/images/images/images/images/images/images/images/images/images/images/imag/world-map.16a.delaye]
[btech.id/brand/images/images/images/images/images/images/images/images/images/images/images/images/images/images/images/images/images/images/images/images/images/images/images/images/images/images/images/images/imag/world-map.16a.delaye]
[btech.id/brand/images/images/images/images/images/images/images/images/images/images/images/images/images/images/images/images/images/images/images/images/images/images/images/images/images/images/images/images/imag/world-map.16b.delaye]
[btech.id/brand/images/images/images/images/images/images/images/images/images/images/images/images/images/images/images/images/images/images/images/images/images/images/images/images/images/images/images/images/imag/world-map.16b.delaye]
[btech.id/brand/images/images/images/images/images/images/images/images/images/images/images/images/images/images/images/images/images/images/images/images/images/images/images/images/images/images/images/images/imag/world-map.16c.delaye]
[btech.id/brand/images/images/images/images/images/images/images/images/images/images/images/images/images/images/images/images/images/images/images/images/images/images/images/images/images/images/images/images/imag/world-map.16c.delaye]
[btech.id/brand/images/images/images/images/images/images/images/images/images/images/images/images/images/images/images/images/images/images/images/images/images/images/images/images/images/images/images/images/imag/world-map.16d.delaye]
[btech.id/brand/images/images/images/images/images/images/images/images/images/images/images/images/images/images/images/images/images/images/images/images/images/images/images/images/images/images/images/images/imag/world-map.16d.delaye]
[btech.id/brand/images/images/images/images/images/images/images/images/images/images/images/images/images/images/images/images/images/images/images/images/images/images/images/images/images/images/images/images/imag/world-map.16e.delaye]
[btech.id/brand/images/images/images/images/images/images/images/images/images/images/images/images/images/images/images/images/images/images/images/images/images/images/images/images/images/images/images/images/imag/world-map.16e.delaye]
[btech.id/brand/images/images/images/images/images/images/images/images/images/images/images/images/images/images/images/images/images/images/images/images/images/images/images/images/images/images/images/images/imag/world-map.16f.delaye]
[btech.id/brand/images/images/images/images/images/images/images/images/images/images/images/images/images/images/images/images/images/images/images/images/images/images/images/images/images/images/images/images/imag/world-map.16f.delaye]
[btech.id/brand/images/images/images/images/images/images/images/images/images/images/images/images/images/images/images/images/images/images/images/images/images/images/images/images/images/images/images/images/imag/world-map.170.delaye]
[btech.id/brand/images/images/images/images/images/images/images/images/images/images/images/images/images/images/images/images/images/images/images/images/images/images/images/images/images/images/images/images/imag/world-map.170.delaye]
[btech.id/brand/images/images/images/images/images/images/images/images/images/images/images/images/images/images/images/images/images/images/images/images/images/images/images/images/images/images/images/images/imag/world-map.171.delaye]
[btech.id/brand/images/images/images/images/images/images/images/images/images/images/images/images/images/images/images/images/images/images/images/images/images/images/images/images/images/images/images/images/imag/world-map.171.delaye]
[btech.id/brand/images/images/images/images/images/images/images/images/images/images/images/images/images/images/images/images/images/images/images/images/images/images/images/images/images/images/images/images/imag/world-map.172.delaye]
[btech.id/brand/images/images/images/images/images/images/images/images/images/images/images/images/images/images/images/images/images/images/images/images/images/images/images/images/images/images/images/images/imag/world-map.172.delaye]
[btech.id/brand/images/images/images/images/images/images/images/images/images/images/images/images/images/images/images/images/images/images/images/images/images/images/images/images/images/images/images/images/imag/world-map.173.delaye]
[btech.id/brand/images/images/images/images/images/images/images/images/images/images/images/images/images/images/images/images/images/images/images/images/images/images/images/images/images/images/images/images/imag/world-map.173.delaye]
[btech.id/brand/images/images/images/images/images/images/images/images/images/images/images/images/images/images/images/images/images/images/images/images/images/images/images/images/images/images/images/images/imag/world-map.174.delaye]
[btech.id/brand/images/images/images/images/images/images/images/images/images/images/images/images/images/images/images/images/images/images/images/images/images/images/images/images/images/images/images/images/imag/world-map.174.delaye]
[btech.id/brand/images/images/images/images/images/images/images/images/images/images/images/images/images/images/images/images/images/images/images/images/images/images/images/images/images/images/images/images/imag/world-map.175.delaye]
[btech.id/brand/images/images/images/images/images/images/images/images/images/images/images/images/images/images/images/images/images/images/images/images/images/images/images/images/images/images/images/images/imag/world-map.175.delaye]
[btech.id/brand/images/images/images/images/images/images/images/images/images/images/images/images/images/images/images/images/images/images/images/images/images/images/images/images/images/images/images/images/imag/world-map.176.delaye]
[btech.id/brand/images/images/images/images/images/images/images/images/images/images/images/images/images/images/images/images/images/images/images/images/images/images/images/images/images/images/images/images/imag/world-map.176.delaye]
[btech.id/brand/images/images/images/images/images/images/images/images/images/images/images/images/images/images/images/images/images/images/images/images/images/images/images/images/images/images/images/images/imag/world-map.177.delaye]
[btech.id/brand/images/images/images/images/images/images/images/images/images/images/images/images/images/images/images/images/images/images/images/images/images/images/images/images/images/images/images/images/imag/world-map.177.delaye]
[btech.id/brand/images/images/images/images/images/images/images/images/images/images/images/images/images/images/images/images/images/images/images/images/images/images/images/images/images/images/images/images/imag/world-map.178.delaye]
[btech.id/brand/images/images/images/images/images/images/images/images/images/images/images/images/images/images/images/images/images/images/images/images/images/images/images/images/images/images/images/images/imag/world-map.178.delaye]
[btech.id/brand/images/images/images/images/images/images/images/images/images/images/images/images/images/images/images/images/images/images/images/images/images/images/images/images/images/images/images/images/imag/world-map.179.delaye]
[btech.id/brand/images/images/images/images/images/images/images/images/images/images/images/images/images/images/images/images/images/images/images/images/images/images/images/images/images/images/images/images/imag/world-map.179.delaye]
[btech.id/brand/images/images/images/images/images/images/images/images/images/images/images/images/images/images/images/images/images/images/images/images/images/images/images/images/images/images/images/images/imag/world-map.17a.delaye]
[btech.id/brand/images/images/images/images/images/images/images/images/images/images/images/images/images/images/images/images/images/images/images/images/images/images/images/images/images/images/images/images/imag/world-map.17a.delaye]
[btech.id/brand/images/images/images/images/images/images/images/images/images/images/images/images/images/images/images/images/images/images/images/images/images/images/images/images/images/images/images/images/imag/world-map.17b.delaye]
[btech.id/brand/images/images/images/images/images/images/images/images/images/images/images/images/images/images/images/images/images/images/images/images/images/images/images/images/images/images/images/images/imag/world-map.17b.delaye]
[btech.id/brand/images/images/images/images/images/images/images/images/images/images/images/images/images/images/images/images/images/images/images/images/images/images/images/images/images/images/images/images/imag/world-map.17c.delaye]
[btech.id/brand/images/images/images/images/images/images/images/images/images/images/images/images/images/images/images/images/images/images/images/images/images/images/images/images/images/images/images/images/imag/world-map.17c.delaye]
[btech.id/brand/images/images/images/images/images/images/images/images/images/images/images/images/images/images/images/images/images/images/images/images/images/images/images/images/images/images/images/images/imag/world-map.17d.delaye]
[btech.id/brand/images/images/images/images/images/images/images/images/images/images/images/images/images/images/images/images/images/images/images/images/images/images/images/images/images/images/images/images/imag/world-map.17d.delaye]
[btech.id/brand/images/images/images/images/images/images/images/images/images/images/images/images/images/images/images/images/images/images/images/images/images/images/images/images/images/images/images/images/imag/world-map.17e.delaye]
[btech.id/brand/images/images/images/images/images/images/images/images/images/images/images/images/images/images/images/images/images/images/images/images/images/images/images/images/images/images/images/images/imag/world-map.17e.delaye]
[btech.id/brand/images/images/images/images/images/images/images/images/images/images/images/images/images/images/images/images/images/images/images/images/images/images/images/images/images/images/images/images/imag/world-map.17f.delaye]
[btech.id/brand/images/images/images/images/images/images/images/images/images/images/images/images/images/images/images/images/images/images/images/images/images/images/images/images/images/images/images/images/imag/world-map.17f.delaye]
[btech.id/brand/images/images/images/images/images/images/images/images/images/images/images/images/images/images/images/images/images/images/images/images/images/images/images/images/images/images/images/images/imag/world-map.180.delaye]
[btech.id/brand/images/images/images/images/images/images/images/images/images/images/images/images/images/images/images/images/images/images/images/images/images/images/images/images/images/images/images/images/imag/world-map.180.delaye]
[btech.id/brand/images/images/images/images/images/images/images/images/images/images/images/images/images/images/images/images/images/images/images/images/images/images/images/images/images/images/images/images/imag/world-map.181.delaye]
[btech.id/brand/images/images/images/images/images/images/images/images/images/images/images/images/images/images/images/images/images/images/images/images/images/images/images/images/images/images/images/images/imag/world-map.181.delaye]
[btech.id/brand/images/images/images/images/images/images/images/images/images/images/images/images/images/images/images/images/images/images/images/images/images/images/images/images/images/images/images/images/imag/world-map.182.delaye]
[btech.id/brand/images/images/images/images/images/images/images/images/images/images/images/images/images/images/images/images/images/images/images/images/images/images/images/images/images/images/images/images/imag/world-map.182.delaye]
[btech.id/brand/images/images/images/images/images/images/images/images/images/images/images/images/images/images/images/images/images/images/images/images/images/images/images/images/images/images/images/images/imag/world-map.183.delaye]
[btech.id/brand/images/images/images/images/images/images/images/images/images/images/images/images/images/images/images/images/images/images/images/images/images/images/images/images/images/images/images/images/imag/world-map.183.delaye]
[btech.id/brand/images/images/images/images/images/images/images/images/images/images/images/images/images/images/images/images/images/images/images/images/images/images/images/images/images/images/images/images/imag/world-map.184.delaye]
[btech.id/brand/images/images/images/images/images/images/images/images/images/images/images/images/images/images/images/images/images/images/images/images/images/images/images/images/images/images/images/images/imag/world-map.184.delaye]
[btech.id/brand/images/images/images/images/images/images/images/images/images/images/images/images/images/images/images/images/images/images/images/images/images/images/images/images/images/images/images/images/imag/world-map.185.delaye]
[btech.id/brand/images/images/images/images/images/images/images/images/images/images/images/images/images/images/images/images/images/images/images/images/images/images/images/images/images/images/images/images/imag/world-map.185.delaye]
[btech.id/brand/images/images/images/images/images/images/images/images/images/images/images/images/images/images/images/images/images/images/images/images/images/images/images/images/images/images/images/images/imag/world-map.186.delaye]
[btech.id/brand/images/images/images/images/images/images/images/images/images/images/images/images/images/images/images/images/images/images/images/images/images/images/images/images/images/images/images/images/imag/world-map.186.delaye]
[btech.id/brand/images/images/images/images/images/images/images/images/images/images/images/images/images/images/images/images/images/images/images/images/images/images/images/images/images/images/images/images/imag/world-map.187.delaye]
[btech.id/brand/images/images/images/images/images/images/images/images/images/images/images/images/images/images/images/images/images/images/images/images/images/images/images/images/images/images/images/images/imag/world-map.187.delaye]
[btech.id/brand/images/images/images/images/images/images/images/images/images/images/images/images/images/images/images/images/images/images/images/images/images/images/images/images/images/images/images/images/imag/world-map.188.delaye]
[btech.id/brand/images/images/images/images/images/images/images/images/images/images/images/images/images/images/images/images/images/images/images/images/images/images/images/images/images/images/images/images/imag/world-map.188.delaye]
[btech.id/brand/images/images/images/images/images/images/images/images/images/images/images/images/images/images/images/images/images/images/images/images/images/images/images/images/images/images/images/images/imag/world-map.189.delaye]
[btech.id/brand/images/images/images/images/images/images/images/images/images/images/images/images/images/images/images/images/images/images/images/images/images/images/images/images/images/images/images/images/imag/world-map.189.delaye]
[btech.id/brand/images/images/images/images/images/images/images/images/images/images/images/images/images/images/images/images/images/images/images/images/images/images/images/images/images/images/images/images/imag/world-map.18a.delaye]
[btech.id/brand/images/images/images/images/images/images/images/images/images/images/images/images/images/images/images/images/images/images/images/images/images/images/images/images/images/images/images/images/imag/world-map.18a.delaye]
[btech.id/brand/images/images/images/images/images/images/images/images/images/images/images/images/images/images/images/images/images/images/images/images/images/images/images/images/images/images/images/images/imag/world-map.18b.delaye]
[btech.id/brand/images/images/images/images/images/images/images/images/images/images/images/images/images/images/images/images/images/images/images/images/images/images/images/images/images/images/images/images/imag/world-map.18b.delaye]
[btech.id/brand/images/images/images/images/images/images/images/images/images/images/images/images/images/images/images/images/images/images/images/images/images/images/images/images/images/images/images/images/imag/world-map.18c.delaye]
[btech.id/brand/images/images/images/images/images/images/images/images/images/images/images/images/images/images/images/images/images/images/images/images/images/images/images/images/images/images/images/images/imag/world-map.18c.delaye]
[btech.id/brand/images/images/images/images/images/images/images/images/images/images/images/images/images/images/images/images/images/images/images/images/images/images/images/images/images/images/images/images/imag/world-map.18d.delaye]
[btech.id/brand/images/images/images/images/images/images/images/images/images/images/images/images/images/images/images/images/images/images/images/images/images/images/images/images/images/images/images/images/imag/world-map.18d.delaye]
[btech.id/brand/images/images/images/images/images/images/images/images/images/images/images/images/images/images/images/images/images/images/images/images/images/images/images/images/images/images/images/images/imag/world-map.18e.delaye]
[btech.id/brand/images/images/images/images/images/images/images/images/images/images/images/images/images/images/images/images/images/images/images/images/images/images/images/images/images/images/images/images/imag/world-map.18e.delaye]
[btech.id/brand/images/images/images/images/images/images/images/images/images/images/images/images/images/images/images/images/images/images/images/images/images/images/images/images/images/images/images/images/imag/world-map.18f.delaye]
[btech.id/brand/images/images/images/images/images/images/images/images/images/images/images/images/images/images/images/images/images/images/images/images/images/images/images/images/images/images/images/images/imag/world-map.18f.delaye]
[btech.id/brand/images/images/images/images/images/images/images/images/images/images/images/images/images/images/images/images/images/images/images/images/images/images/images/images/images/images/images/images/imag/world-map.190.delaye]
[btech.id/brand/images/images/images/images/images/images/images/images/images/images/images/images/images/images/images/images/images/images/images/images/images/images/images/images/images/images/images/images/imag/world-map.190.delaye]
[btech.id/brand/images/images/images/images/images/images/images/images/images/images/images/images/images/images/images/images/images/images/images/images/images/images/images/images/images/images/images/images/imag/world-map.191.delaye]
[btech.id/brand/images/images/images/images/images/images/images/images/images/images/images/images/images/images/images/images/images/images/images/images/images/images/images/images/images/images/images/images/imag/world-map.191.delaye]
[btech.id/brand/images/images/images/images/images/images/images/images/images/images/images/images/images/images/images/images/images/images/images/images/images/images/images/images/images/images/images/images/imag/world-map.192.delaye]
[btech.id/brand/images/images/images/images/images/images/images/images/images/images/images/images/images/images/images/images/images/images/images/images/images/images/images/images/images/images/images/images/imag/world-map.192.delaye]
[btech.id/brand/images/images/images/images/images/images/images/images/images/images/images/images/images/images/images/images/images/images/images/images/images/images/images/images/images/images/images/images/imag/world-map.193.delaye]
[btech.id/brand/images/images/images/images/images/images/images/images/images/images/images/images/images/images/images/images/images/images/images/images/images/images/images/images/images/images/images/images/imag/world-map.193.delaye]
[btech.id/brand/images/images/images/images/images/images/images/images/images/images/images/images/images/images/images/images/images/images/images/images/images/images/images/images/images/images/images/images/imag/world-map.194.delaye]
[btech.id/brand/images/images/images/images/images/images/images/images/images/images/images/images/images/images/images/images/images/images/images/images/images/images/images/images/images/images/images/images/imag/world-map.194.delaye]
[btech.id/brand/images/images/images/images/images/images/images/images/images/images/images/images/images/images/images/images/images/images/images/images/images/images/images/images/images/images/images/images/imag/world-map.195.delaye]
[btech.id/brand/images/images/images/images/images/images/images/images/images/images/images/images/images/images/images/images/images/images/images/images/images/images/images/images/images/images/images/images/imag/world-map.195.delaye]
[btech.id/brand/images/images/images/images/images/images/images/images/images/images/images/images/images/images/images/images/images/images/images/images/images/images/images/images/images/images/images/images/imag/world-map.196.delaye]
[btech.id/brand/images/images/images/images/images/images/images/images/images/images/images/images/images/images/images/images/images/images/images/images/images/images/images/images/images/images/images/images/imag/world-map.196.delaye]
[btech.id/brand/images/images/images/images/images/images/images/images/images/images/images/images/images/images/images/images/images/images/images/images/images/images/images/images/images/images/images/images/imag/world-map.197.delaye]
[btech.id/brand/images/images/images/images/images/images/images/images/images/images/images/images/images/images/images/images/images/images/images/images/images/images/images/images/images/images/images/images/imag/world-map.197.delaye]
[btech.id/brand/images/images/images/images/images/images/images/images/images/images/images/images/images/images/images/images/images/images/images/images/images/images/images/images/images/images/images/images/imag/world-map.198.delaye]
[btech.id/brand/images/images/images/images/images/images/images/images/images/images/images/images/images/images/images/images/images/images/images/images/images/images/images/images/images/images/images/images/imag/world-map.198.delaye]
[btech.id/brand/images/images/images/images/images/images/images/images/images/images/images/images/images/images/images/images/images/images/images/images/images/images/images/images/images/images/images/images/imag/world-map.199.delaye]
[btech.id/brand/images/images/images/images/images/images/images/images/images/images/images/images/images/images/images/images/images/images/images/images/images/images/images/images/images/images/images/images/imag/world-map.199.delaye]
[btech.id/brand/images/images/images/images/images/images/images/images/images/images/images/images/images/images/images/images/images/images/images/images/images/images/images/images/images/images/images/images/imag/world-map.19a.delaye]
[btech.id/brand/images/images/images/images/images/images/images/images/images/images/images/images/images/images/images/images/images/images/images/images/images/images/images/images/images/images/images/images/imag/world-map.19a.delaye]
[btech.id/brand/images/images/images/images/images/images/images/images/images/images/images/images/images/images/images/images/images/images/images/images/images/images/images/images/images/images/images/images/imag/world-map.19b.delaye]
[btech.id/brand/images/images/images/images/images/images/images/images/images/images/images/images/images/images/images/images/images/images/images/images/images/images/images/images/images/images/images/images/imag/world-map.19b.delaye]
[btech.id/brand/images/images/images/images/images/images/images/images/images/images/images/images/images/images/images/images/images/images/images/images/images/images/images/images/images/images/images/images/imag/world-map.19c.delaye]
[btech.id/brand/images/images/images/images/images/images/images/images/images/images/images/images/images/images/images/images/images/images/images/images/images/images/images/images/images/images/images/images/imag/world-map.19c.delaye]
[btech.id/brand/images/images/images/images/images/images/images/images/images/images/images/images/images/images/images/images/images/images/images/images/images/images/images/images/images/images/images/images/imag/world-map.19d.delaye]
[btech.id/brand/images/images/images/images/images/images/images/images/images/images/images/images/images/images/images/images/images/images/images/images/images/images/images/images/images/images/images/images/imag/world-map.19d.delaye]
[btech.id/brand/images/images/images/images/images/images/images/images/images/images/images/images/images/images/images/images/images/images/images/images/images/images/images/images/images/images/images/images/imag/world-map.19e.delaye]
[btech.id/brand/images/images/images/images/images/images/images/images/images/images/images/images/images/images/images/images/images/images/images/images/images/images/images/images/images/images/images/images/imag/world-map.19e.delaye]
[btech.id/brand/images/images/images/images/images/images/images/images/images/images/images/images/images/images/images/images/images/images/images/images/images/images/images/images/images/images/images/images/imag/world-map.19f.delaye]
[btech.id/brand/images/images/images/images/images/images/images/images/images/images/images/images/images/images/images/images/images/images/images/images/images/images/images/images/images/images/images/images/imag/world-map.19f.delaye]
[btech.id/brand/images/images/images/images/images/images/images/images/images/images/images/images/images/images/images/images/images/images/images/images/images/images/images/images/images/images/images/images/imag/world-map.1a0.delaye]
[btech.id/brand/images/images/images/images/images/images/images/images/images/images/images/images/images/images/images/images/images/images/images/images/images/images/images/images/images/images/images/images/imag/world-map.1a0.delaye]
[btech.id/brand/images/images/images/images/images/images/images/images/images/images/images/images/images/images/images/images/images/images/images/images/images/images/images/images/images/images/images/images/imag/world-map.1a1.delaye]
[btech.id/brand/images/images/images/images/images/images/images/images/images/images/images/images/images/images/images/images/images/images/images/images/images/images/images/images/images/images/images/images/imag/world-map.1a1.delaye]
[btech.id/brand/images/images/images/images/images/images/images/images/images/images/images/images/images/images/images/images/images/images/images/images/images/images/images/images/images/images/images/images/imag/world-map.1a2.delaye]
[btech.id/brand/images/images/images/images/images/images/images/images/images/images/images/images/images/images/images/images/images/images/images/images/images/images/images/images/images/images/images/images/imag/world-map.1a2.delaye]
[btech.id/brand/images/images/images/images/images/images/images/images/images/images/images/images/images/images/images/images/images/images/images/images/images/images/images/images/images/images/images/images/imag/world-map.1a3.delaye]
[btech.id/brand/images/images/images/images/images/images/images/images/images/images/images/images/images/images/images/images/images/images/images/images/images/images/images/images/images/images/images/images/imag/world-map.1a3.delaye]
[btech.id/brand/images/images/images/images/images/images/images/images/images/images/images/images/images/images/images/images/images/images/images/images/images/images/images/images/images/images/images/images/imag/world-map.1a4.delaye]
[btech.id/brand/images/images/images/images/images/images/images/images/images/images/images/images/images/images/images/images/images/images/images/images/images/images/images/images/images/images/images/images/imag/world-map.1a4.delaye]
[btech.id/brand/images/images/images/images/images/images/images/images/images/images/images/images/images/images/images/images/images/images/images/images/images/images/images/images/images/images/images/images/imag/world-map.1a5.delaye]
[btech.id/brand/images/images/images/images/images/images/images/images/images/images/images/images/images/images/images/images/images/images/images/images/images/images/images/images/images/images/images/images/imag/world-map.1a5.delaye]
[btech.id/brand/images/images/images/images/images/images/images/images/images/images/images/images/images/images/images/images/images/images/images/images/images/images/images/images/images/images/images/images/imag/world-map.1a6.delaye]
[btech.id/brand/images/images/images/images/images/images/images/images/images/images/images/images/images/images/images/images/images/images/images/images/images/images/images/images/images/images/images/images/imag/world-map.1a6.delaye]
[btech.id/brand/images/images/images/images/images/images/images/images/images/images/images/images/images/images/images/images/images/images/images/images/images/images/images/images/images/images/images/images/imag/world-map.1a7.delaye]
[btech.id/brand/images/images/images/images/images/images/images/images/images/images/images/images/images/images/images/images/images/images/images/images/images/images/images/images/images/images/images/images/imag/world-map.1a7.delaye]
[btech.id/brand/images/images/images/images/images/images/images/images/images/images/images/images/images/images/images/images/images/images/images/images/images/images/images/images/images/images/images/images/imag/world-map.1a8.delaye]
[btech.id/brand/images/images/images/images/images/images/images/images/images/images/images/images/images/images/images/images/images/images/images/images/images/images/images/images/images/images/images/images/imag/world-map.1a8.delaye]
[btech.id/brand/images/images/images/images/images/images/images/images/images/images/images/images/images/images/images/images/images/images/images/images/images/images/images/images/images/images/images/images/imag/world-map.1a9.delaye]
[btech.id/brand/images/images/images/images/images/images/images/images/images/images/images/images/images/images/images/images/images/images/images/images/images/images/images/images/images/images/images/images/imag/world-map.1a9.delaye]
[btech.id/brand/images/images/images/images/images/images/images/images/images/images/images/images/images/images/images/images/images/images/images/images/images/images/images/images/images/images/images/images/imag/world-map.1aa.delaye]
[btech.id/brand/images/images/images/images/images/images/images/images/images/images/images/images/images/images/images/images/images/images/images/images/images/images/images/images/images/images/images/images/imag/world-map.1aa.delaye]
[btech.id/brand/images/images/images/images/images/images/images/images/images/images/images/images/images/images/images/images/images/images/images/images/images/images/images/images/images/images/images/images/imag/world-map.1ab.delaye]
[btech.id/brand/images/images/images/images/images/images/images/images/images/images/images/images/images/images/images/images/images/images/images/images/images/images/images/images/images/images/images/images/imag/world-map.1ab.delaye]
[btech.id/brand/images/images/images/images/images/images/images/images/images/images/images/images/images/images/images/images/images/images/images/images/images/images/images/images/images/images/images/images/imag/world-map.1ac.delaye]
[btech.id/brand/images/images/images/images/images/images/images/images/images/images/images/images/images/images/images/images/images/images/images/images/images/images/images/images/images/images/images/images/imag/world-map.1ac.delaye]
[btech.id/brand/images/images/images/images/images/images/images/images/images/images/images/images/images/images/images/images/images/images/images/images/images/images/images/images/images/images/images/images/imag/world-map.1ad.delaye]
[btech.id/brand/images/images/images/images/images/images/images/images/images/images/images/images/images/images/images/images/images/images/images/images/images/images/images/images/images/images/images/images/imag/world-map.1ad.delaye]
[btech.id/brand/images/images/images/images/images/images/images/images/images/images/images/images/images/images/images/images/images/images/images/images/images/images/images/images/images/images/images/images/imag/world-map.1ae.delaye]
[btech.id/brand/images/images/images/images/images/images/images/images/images/images/images/images/images/images/images/images/images/images/images/images/images/images/images/images/images/images/images/images/imag/world-map.1ae.delaye]
[btech.id/brand/images/images/images/images/images/images/images/images/images/images/images/images/images/images/images/images/images/images/images/images/images/images/images/images/images/images/images/images/imag/world-map.1af.delaye]
[btech.id/brand/images/images/images/images/images/images/images/images/images/images/images/images/images/images/images/images/images/images/images/images/images/images/images/images/images/images/images/images/imag/world-map.1af.delaye]
[btech.id/brand/images/images/images/images/images/images/images/images/images/images/images/images/images/images/images/images/images/images/images/images/images/images/images/images/images/images/images/images/imag/world-map.1b0.delaye]
[btech.id/brand/images/images/images/images/images/images/images/images/images/images/images/images/images/images/images/images/images/images/images/images/images/images/images/images/images/images/images/images/imag/world-map.1b0.delaye]
[btech.id/brand/images/images/images/images/images/images/images/images/images/images/images/images/images/images/images/images/images/images/images/images/images/images/images/images/images/images/images/images/imag/world-map.1b1.delaye]
[btech.id/brand/images/images/images/images/images/images/images/images/images/images/images/images/images/images/images/images/images/images/images/images/images/images/images/images/images/images/images/images/imag/world-map.1b1.delaye]
[btech.id/brand/images/images/images/images/images/images/images/images/images/images/images/images/images/images/images/images/images/images/images/images/images/images/images/images/images/images/images/images/imag/world-map.1b2.delaye]
[btech.id/brand/images/images/images/images/images/images/images/images/images/images/images/images/images/images/images/images/images/images/images/images/images/images/images/images/images/images/images/images/imag/world-map.1b2.delaye]
[btech.id/brand/images/images/images/images/images/images/images/images/images/images/images/images/images/images/images/images/images/images/images/images/images/images/images/images/images/images/images/images/imag/world-map.1b3.delaye]
[btech.id/brand/images/images/images/images/images/images/images/images/images/images/images/images/images/images/images/images/images/images/images/images/images/images/images/images/images/images/images/images/imag/world-map.1b3.delaye]
[btech.id/brand/images/images/images/images/images/images/images/images/images/images/images/images/images/images/images/images/images/images/images/images/images/images/images/images/images/images/images/images/imag/world-map.1b4.delaye]
[btech.id/brand/images/images/images/images/images/images/images/images/images/images/images/images/images/images/images/images/images/images/images/images/images/images/images/images/images/images/images/images/imag/world-map.1b4.delaye]
[btech.id/brand/images/images/images/images/images/images/images/images/images/images/images/images/images/images/images/images/images/images/images/images/images/images/images/images/images/images/images/images/imag/world-map.1b5.delaye]
[btech.id/brand/images/images/images/images/images/images/images/images/images/images/images/images/images/images/images/images/images/images/images/images/images/images/images/images/images/images/images/images/imag/world-map.1b5.delaye]
[btech.id/brand/images/images/images/images/images/images/images/images/images/images/images/images/images/images/images/images/images/images/images/images/images/images/images/images/images/images/images/images/imag/world-map.1b6.delaye]
[btech.id/brand/images/images/images/images/images/images/images/images/images/images/images/images/images/images/images/images/images/images/images/images/images/images/images/images/images/images/images/images/imag/world-map.1b6.delaye]
[btech.id/brand/images/images/images/images/images/images/images/images/images/images/images/images/images/images/images/images/images/images/images/images/images/images/images/images/images/images/images/images/imag/world-map.1b7.delaye]
[btech.id/brand/images/images/images/images/images/images/images/images/images/images/images/images/images/images/images/images/images/images/images/images/images/images/images/images/images/images/images/images/imag/world-map.1b7.delaye]
[btech.id/brand/images/images/images/images/images/images/images/images/images/images/images/images/images/images/images/images/images/images/images/images/images/images/images/images/images/images/images/images/imag/world-map.1b8.delaye]
[btech.id/brand/images/images/images/images/images/images/images/images/images/images/images/images/images/images/images/images/images/images/images/images/images/images/images/images/images/images/images/images/imag/world-map.1b8.delaye]
[btech.id/brand/images/images/images/images/images/images/images/images/images/images/images/images/images/images/images/images/images/images/images/images/images/images/images/images/images/images/images/images/imag/world-map.1b9.delaye]
[btech.id/brand/images/images/images/images/images/images/images/images/images/images/images/images/images/images/images/images/images/images/images/images/images/images/images/images/images/images/images/images/imag/world-map.1b9.delaye]
[btech.id/brand/images/images/images/images/images/images/images/images/images/images/images/images/images/images/images/images/images/images/images/images/images/images/images/images/images/images/images/images/imag/world-map.1ba.delaye]
[btech.id/brand/images/images/images/images/images/images/images/images/images/images/images/images/images/images/images/images/images/images/images/images/images/images/images/images/images/images/images/images/imag/world-map.1ba.delaye]
[btech.id/brand/images/images/images/images/images/images/images/images/images/images/images/images/images/images/images/images/images/images/images/images/images/images/images/images/images/images/images/images/imag/world-map.1bb.delaye]
[btech.id/brand/images/images/images/images/images/images/images/images/images/images/images/images/images/images/images/images/images/images/images/images/images/images/images/images/images/images/images/images/imag/world-map.1bb.delaye]
[btech.id/brand/images/images/images/images/images/images/images/images/images/images/images/images/images/images/images/images/images/images/images/images/images/images/images/images/images/images/images/images/imag/world-map.1bc.delaye]
[btech.id/brand/images/images/images/images/images/images/images/images/images/images/images/images/images/images/images/images/images/images/images/images/images/images/images/images/images/images/images/images/imag/world-map.1bc.delaye]
[btech.id/brand/images/images/images/images/images/images/images/images/images/images/images/images/images/images/images/images/images/images/images/images/images/images/images/images/images/images/images/images/imag/world-map.1bd.delaye]
[btech.id/brand/images/images/images/images/images/images/images/images/images/images/images/images/images/images/images/images/images/images/images/images/images/images/images/images/images/images/images/images/imag/world-map.1bd.delaye]
[btech.id/brand/images/images/images/images/images/images/images/images/images/images/images/images/images/images/images/images/images/images/images/images/images/images/images/images/images/images/images/images/imag/world-map.1be.delaye]
[btech.id/brand/images/images/images/images/images/images/images/images/images/images/images/images/images/images/images/images/images/images/images/images/images/images/images/images/images/images/images/images/imag/world-map.1be.delaye]
[btech.id/brand/images/images/images/images/images/images/images/images/images/images/images/images/images/images/images/images/images/images/images/images/images/images/images/images/images/images/images/images/imag/world-map.1bf.delaye]
[btech.id/brand/images/images/images/images/images/images/images/images/images/images/images/images/images/images/images/images/images/images/images/images/images/images/images/images/images/images/images/images/imag/world-map.1bf.delaye]
[btech.id/brand/images/images/images/images/images/images/images/images/images/images/images/images/images/images/images/images/images/images/images/images/images/images/images/images/images/images/images/images/imag/world-map.1c0.delaye]
[btech.id/brand/images/images/images/images/images/images/images/images/images/images/images/images/images/images/images/images/images/images/images/images/images/images/images/images/images/images/images/images/imag/world-map.1c0.delaye]
[btech.id/brand/images/images/images/images/images/images/images/images/images/images/images/images/images/images/images/images/images/images/images/images/images/images/images/images/images/images/images/images/imag/world-map.1c1.delaye]
[btech.id/brand/images/images/images/images/images/images/images/images/images/images/images/images/images/images/images/images/images/images/images/images/images/images/images/images/images/images/images/images/imag/world-map.1c1.delaye]
[btech.id/brand/images/images/images/images/images/images/images/images/images/images/images/images/images/images/images/images/images/images/images/images/images/images/images/images/images/images/images/images/imag/world-map.1c2.delaye]
[btech.id/brand/images/images/images/images/images/images/images/images/images/images/images/images/images/images/images/images/images/images/images/images/images/images/images/images/images/images/images/images/imag/world-map.1c2.delaye]
